// Jest Snapshot v1, https://goo.gl/fbAQLP

exports[`Search should render the component 1`] = `
<form
  class="sc-bdvvtL bkgSDP"
>
  <input
    class="sc-dkPtRN jQivHA"
    radius="left"
    type="search"
    value=""
  />
  <button
    class="sc-gsDKAQ fxiaVi"
    type="submit"
  >
    <test-file-stub
      height="18"
      width="18"
    />
  </button>
</form>
`;
