// Jest Snapshot v1, https://goo.gl/fbAQLP

exports[`HomeTemplate should render the component 1`] = `
<div
  class="sc-bdvvtL iYjgiH"
>
  Para come√ßar, pesquise por um produto na barra de pesquisas acima.
</div>
`;
