// Jest Snapshot v1, https://goo.gl/fbAQLP

exports[`Input should render the component 1`] = `
<input
  class="sc-bdvvtL gufCAc"
  value=""
/>
`;
