// Jest Snapshot v1, https://goo.gl/fbAQLP

exports[`Header should render the component 1`] = `
<header
  class="sc-eCImPb ckZxQf"
>
  <div
    class="sc-bdvvtL deJUUP"
  >
    <div
      class="sc-jRQBWg hCCfgU"
    >
      <a
        href="/"
        title="appName"
      >
        <test-file-stub
          height="36"
          width="53"
        />
      </a>
      <form
        class="sc-gsDKAQ dTgJJS"
      >
        <input
          class="sc-hKwDye gygVYn"
          placeholder="searchPlaceholder"
          radius="left"
          type="search"
          value=""
        />
        <button
          class="sc-dkPtRN dOgblC"
          type="submit"
        >
          <test-file-stub
            height="18"
            width="18"
          />
        </button>
      </form>
    </div>
  </div>
</header>
`;
