// Jest Snapshot v1, https://goo.gl/fbAQLP

exports[`Container should render the component 1`] = `
<div
  class="sc-bdvvtL iebQEA"
/>
`;
